Archive member included to satisfy reference by file (symbol)

C:/PROGRA~2/ARMGNU~1/133167~1.3RE/bin/../lib/gcc/arm-none-eabi/13.3.1/thumb/v7e-m+fp/hard\libc_nano.a(libc_a-exit.o)
                              C:/PROGRA~2/ARMGNU~1/133167~1.3RE/bin/../lib/gcc/arm-none-eabi/13.3.1/thumb/v7e-m+fp/hard/crt0.o (exit)
C:/PROGRA~2/ARMGNU~1/133167~1.3RE/bin/../lib/gcc/arm-none-eabi/13.3.1/thumb/v7e-m+fp/hard\libc_nano.a(libc_a-findfp.o)
                              C:/PROGRA~2/ARMGNU~1/133167~1.3RE/bin/../lib/gcc/arm-none-eabi/13.3.1/thumb/v7e-m+fp/hard\libc_nano.a(libc_a-exit.o) (__stdio_exit_handler)
C:/PROGRA~2/ARMGNU~1/133167~1.3RE/bin/../lib/gcc/arm-none-eabi/13.3.1/thumb/v7e-m+fp/hard\libc_nano.a(libc_a-fwalk.o)
                              C:/PROGRA~2/ARMGNU~1/133167~1.3RE/bin/../lib/gcc/arm-none-eabi/13.3.1/thumb/v7e-m+fp/hard\libc_nano.a(libc_a-findfp.o) (_fwalk_sglue)
C:/PROGRA~2/ARMGNU~1/133167~1.3RE/bin/../lib/gcc/arm-none-eabi/13.3.1/thumb/v7e-m+fp/hard\libc_nano.a(libc_a-stdio.o)
                              C:/PROGRA~2/ARMGNU~1/133167~1.3RE/bin/../lib/gcc/arm-none-eabi/13.3.1/thumb/v7e-m+fp/hard\libc_nano.a(libc_a-findfp.o) (__sread)
C:/PROGRA~2/ARMGNU~1/133167~1.3RE/bin/../lib/gcc/arm-none-eabi/13.3.1/thumb/v7e-m+fp/hard\libc_nano.a(libc_a-memset.o)
                              C:/PROGRA~2/ARMGNU~1/133167~1.3RE/bin/../lib/gcc/arm-none-eabi/13.3.1/thumb/v7e-m+fp/hard/crt0.o (memset)
C:/PROGRA~2/ARMGNU~1/133167~1.3RE/bin/../lib/gcc/arm-none-eabi/13.3.1/thumb/v7e-m+fp/hard\libc_nano.a(libc_a-closer.o)
                              C:/PROGRA~2/ARMGNU~1/133167~1.3RE/bin/../lib/gcc/arm-none-eabi/13.3.1/thumb/v7e-m+fp/hard\libc_nano.a(libc_a-stdio.o) (_close_r)
C:/PROGRA~2/ARMGNU~1/133167~1.3RE/bin/../lib/gcc/arm-none-eabi/13.3.1/thumb/v7e-m+fp/hard\libc_nano.a(libc_a-reent.o)
                              C:/PROGRA~2/ARMGNU~1/133167~1.3RE/bin/../lib/gcc/arm-none-eabi/13.3.1/thumb/v7e-m+fp/hard\libc_nano.a(libc_a-closer.o) (errno)
C:/PROGRA~2/ARMGNU~1/133167~1.3RE/bin/../lib/gcc/arm-none-eabi/13.3.1/thumb/v7e-m+fp/hard\libc_nano.a(libc_a-impure.o)
                              C:/PROGRA~2/ARMGNU~1/133167~1.3RE/bin/../lib/gcc/arm-none-eabi/13.3.1/thumb/v7e-m+fp/hard\libc_nano.a(libc_a-reent.o) (_impure_ptr)
C:/PROGRA~2/ARMGNU~1/133167~1.3RE/bin/../lib/gcc/arm-none-eabi/13.3.1/thumb/v7e-m+fp/hard\libc_nano.a(libc_a-lseekr.o)
                              C:/PROGRA~2/ARMGNU~1/133167~1.3RE/bin/../lib/gcc/arm-none-eabi/13.3.1/thumb/v7e-m+fp/hard\libc_nano.a(libc_a-stdio.o) (_lseek_r)
C:/PROGRA~2/ARMGNU~1/133167~1.3RE/bin/../lib/gcc/arm-none-eabi/13.3.1/thumb/v7e-m+fp/hard\libc_nano.a(libc_a-readr.o)
                              C:/PROGRA~2/ARMGNU~1/133167~1.3RE/bin/../lib/gcc/arm-none-eabi/13.3.1/thumb/v7e-m+fp/hard\libc_nano.a(libc_a-stdio.o) (_read_r)
C:/PROGRA~2/ARMGNU~1/133167~1.3RE/bin/../lib/gcc/arm-none-eabi/13.3.1/thumb/v7e-m+fp/hard\libc_nano.a(libc_a-writer.o)
                              C:/PROGRA~2/ARMGNU~1/133167~1.3RE/bin/../lib/gcc/arm-none-eabi/13.3.1/thumb/v7e-m+fp/hard\libc_nano.a(libc_a-stdio.o) (_write_r)
C:/PROGRA~2/ARMGNU~1/133167~1.3RE/bin/../lib/gcc/arm-none-eabi/13.3.1/thumb/v7e-m+fp/hard\libc_nano.a(libc_a-init.o)
                              C:/PROGRA~2/ARMGNU~1/133167~1.3RE/bin/../lib/gcc/arm-none-eabi/13.3.1/thumb/v7e-m+fp/hard/crt0.o (__libc_init_array)
C:/PROGRA~2/ARMGNU~1/133167~1.3RE/bin/../lib/gcc/arm-none-eabi/13.3.1/thumb/v7e-m+fp/hard\libc_nano.a(libc_a-lock.o)
                              C:/PROGRA~2/ARMGNU~1/133167~1.3RE/bin/../lib/gcc/arm-none-eabi/13.3.1/thumb/v7e-m+fp/hard\libc_nano.a(libc_a-findfp.o) (__retarget_lock_init_recursive)
C:/PROGRA~2/ARMGNU~1/133167~1.3RE/bin/../lib/gcc/arm-none-eabi/13.3.1/thumb/v7e-m+fp/hard\libc_nano.a(libc_a-freer.o)
                              C:/PROGRA~2/ARMGNU~1/133167~1.3RE/bin/../lib/gcc/arm-none-eabi/13.3.1/thumb/v7e-m+fp/hard\libc_nano.a(libc_a-reent.o) (_free_r)
C:/PROGRA~2/ARMGNU~1/133167~1.3RE/bin/../lib/gcc/arm-none-eabi/13.3.1/thumb/v7e-m+fp/hard\libc_nano.a(libc_a-mallocr.o)
                              C:/PROGRA~2/ARMGNU~1/133167~1.3RE/bin/../lib/gcc/arm-none-eabi/13.3.1/thumb/v7e-m+fp/hard\libc_nano.a(libc_a-findfp.o) (_malloc_r)
C:/PROGRA~2/ARMGNU~1/133167~1.3RE/bin/../lib/gcc/arm-none-eabi/13.3.1/thumb/v7e-m+fp/hard\libc_nano.a(libc_a-mlock.o)
                              C:/PROGRA~2/ARMGNU~1/133167~1.3RE/bin/../lib/gcc/arm-none-eabi/13.3.1/thumb/v7e-m+fp/hard\libc_nano.a(libc_a-freer.o) (__malloc_lock)
C:/PROGRA~2/ARMGNU~1/133167~1.3RE/bin/../lib/gcc/arm-none-eabi/13.3.1/thumb/v7e-m+fp/hard\libc_nano.a(libc_a-fflush.o)
                              C:/PROGRA~2/ARMGNU~1/133167~1.3RE/bin/../lib/gcc/arm-none-eabi/13.3.1/thumb/v7e-m+fp/hard\libc_nano.a(libc_a-findfp.o) (_fflush_r)
C:/PROGRA~2/ARMGNU~1/133167~1.3RE/bin/../lib/gcc/arm-none-eabi/13.3.1/thumb/v7e-m+fp/hard\libc_nano.a(libc_a-sbrkr.o)
[...]
Memory Configuration

Name             Origin             Length             Attributes
RAM              0x20000000         0x00010000         xrw
FLASH            0x08000000         0x00040000         xr
*default*        0x00000000         0xffffffff

Linker script and memory map

LOAD C:/PROGRA~2/ARMGNU~1/133167~1.3RE/bin/../lib/gcc/arm-none-eabi/13.3.1/thumb/v7e-m+fp/hard/crti.o
LOAD C:/PROGRA~2/ARMGNU~1/133167~1.3RE/bin/../lib/gcc/arm-none-eabi/13.3.1/thumb/v7e-m+fp/hard/crtbegin.o
LOAD C:/PROGRA~2/ARMGNU~1/133167~1.3RE/bin/../lib/gcc/arm-none-eabi/13.3.1/thumb/v7e-m+fp/hard/crt0.o
START GROUP
LOAD C:/PROGRA~2/ARMGNU~1/133167~1.3RE/bin/../lib/gcc/arm-none-eabi/13.3.1/thumb/v7e-m+fp/hard\libc_nano.a
LOAD C:/PROGRA~2/ARMGNU~1/133167~1.3RE/bin/../lib/gcc/arm-none-eabi/13.3.1/thumb/v7e-m+fp/hard\libm.a
END GROUP
LOAD CMakeFiles/lcd-stm32f4.dir/External/Graphics/stm32f4xx/lcdts_io_spi_xpt2046.c.obj
LOAD CMakeFiles/lcd-stm32f4.dir/Src/main.c.obj
LOAD CMakeFiles/lcd-stm32f4.dir/Src/stm32f4xx_it.c.obj
LOAD CMakeFiles/lcd-stm32f4.dir/Src/stm32f4xx_hal_msp.c.obj
LOAD CMakeFiles/lcd-stm32f4.dir/Drivers/STM32F4xx_HAL_Driver/Src/stm32f4xx_hal_spi.c.obj
LOAD CMakeFiles/lcd-stm32f4.dir/Drivers/STM32F4xx_HAL_Driver/Src/stm32f4xx_hal_rcc.c.obj
LOAD CMakeFiles/lcd-stm32f4.dir/Drivers/STM32F4xx_HAL_Driver/Src/stm32f4xx_hal_rcc_ex.c.obj
LOAD CMakeFiles/lcd-stm32f4.dir/Drivers/STM32F4xx_HAL_Driver/Src/stm32f4xx_hal_flash.c.obj
LOAD CMakeFiles/lcd-stm32f4.dir/Drivers/STM32F4xx_HAL_Driver/Src/stm32f4xx_hal_flash_ex.c.obj
LOAD CMakeFiles/lcd-stm32f4.dir/Drivers/STM32F4xx_HAL_Driver/Src/stm32f4xx_hal_flash_ramfunc.c.obj
LOAD CMakeFiles/lcd-stm32f4.dir/Drivers/STM32F4xx_HAL_Driver/Src/stm32f4xx_hal_gpio.c.obj
LOAD CMakeFiles/lcd-stm32f4.dir/Drivers/STM32F4xx_HAL_Driver/Src/stm32f4xx_hal_dma_ex.c.obj
LOAD CMakeFiles/lcd-stm32f4.dir/Drivers/STM32F4xx_HAL_Driver/Src/stm32f4xx_hal_dma.c.obj
LOAD CMakeFiles/lcd-stm32f4.dir/Drivers/STM32F4xx_HAL_Driver/Src/stm32f4xx_hal_pwr.c.obj
LOAD CMakeFiles/lcd-stm32f4.dir/Drivers/STM32F4xx_HAL_Driver/Src/stm32f4xx_hal_pwr_ex.c.obj
LOAD CMakeFiles/lcd-stm32f4.dir/Drivers/STM32F4xx_HAL_Driver/Src/stm32f4xx_hal_cortex.c.obj
LOAD CMakeFiles/lcd-stm32f4.dir/Drivers/STM32F4xx_HAL_Driver/Src/stm32f4xx_hal.c.obj
LOAD CMakeFiles/lcd-stm32f4.dir/Drivers/STM32F4xx_HAL_Driver/Src/stm32f4xx_hal_exti.c.obj
LOAD CMakeFiles/lcd-stm32f4.dir/Src/system_stm32f4xx.c.obj
LOAD CMakeFiles/lcd-stm32f4.dir/Src/sysmem.c.obj
LOAD CMakeFiles/lcd-stm32f4.dir/Src/syscalls.c.obj
LOAD CMakeFiles/lcd-stm32f4.dir/startup_stm32f401xc.s.obj
START GROUP
LOAD C:/PROGRA~2/ARMGNU~1/133167~1.3RE/bin/../lib/gcc/arm-none-eabi/13.3.1/thumb/v7e-m+fp/hard\libgcc.a
LOAD C:/PROGRA~2/ARMGNU~1/133167~1.3RE/bin/../lib/gcc/arm-none-eabi/13.3.1/thumb/v7e-m+fp/hard\libg_nano.a
LOAD C:/PROGRA~2/ARMGNU~1/133167~1.3RE/bin/../lib/gcc/arm-none-eabi/13.3.1/thumb/v7e-m+fp/hard\libc_nano.a
END GROUP
START GROUP
LOAD C:/PROGRA~2/ARMGNU~1/133167~1.3RE/bin/../lib/gcc/arm-none-eabi/13.3.1/thumb/v7e-m+fp/hard\libgcc.a
LOAD C:/PROGRA~2/ARMGNU~1/133167~1.3RE/bin/../lib/gcc/arm-none-eabi/13.3.1/thumb/v7e-m+fp/hard\libc_nano.a
END GROUP
LOAD C:/PROGRA~2/ARMGNU~1/133167~1.3RE/bin/../lib/gcc/arm-none-eabi/13.3.1/thumb/v7e-m+fp/hard/crtend.o
LOAD C:/PROGRA~2/ARMGNU~1/133167~1.3RE/bin/../lib/gcc/arm-none-eabi/13.3.1/thumb/v7e-m+fp/hard/crtn.o
                0x20010000                        _estack = (ORIGIN (RAM) + LENGTH (RAM))
                0x00000200                        _Min_Heap_Size = 0x200
                0x00000400                        _Min_Stack_Size = 0x400

.isr_vector     0x08000000      0x194
                0x08000000                        . = ALIGN (0x4)
 *(.isr_vector)
 .isr_vector    0x08000000      0x194 CMakeFiles/lcd-stm32f4.dir/startup_stm32f401xc.s.obj
                0x08000000                g_pfnVectors
                0x08000194                        . = ALIGN (0x4)

.text           0x08000194     0x186c
                0x08000194                        . = ALIGN (0x4)
 *(.text)
 .text          0x08000194       0x30 C:/PROGRA~2/ARMGNU~1/133167~1.3RE/bin/../lib/gcc/arm-none-eabi/13.3.1/thumb/v7e-m+fp/hard\libgcc.a(_aeabi_uldivmod.o)
                0x08000194                __aeabi_uldivmod
 .text          0x080001c4        0x4 C:/PROGRA~2/ARMGNU~1/133167~1.3RE/bin/../lib/gcc/arm-none-eabi/13.3.1/thumb/v7e-m+fp/hard\libgcc.a(_dvmd_tls.o)
                0x080001c4                __aeabi_idiv0
                0x080001c4                __aeabi_ldiv0
 *(.text*)
 .text.deregister_tm_clones
                0x080001c8       0x1c C:/PROGRA~2/ARMGNU~1/133167~1.3RE/bin/../lib/gcc/arm-none-eabi/13.3.1/thumb/v7e-m+fp/hard/crtbegin.o
 .text.register_tm_clones
                0x080001e4       0x24 C:/PROGRA~2/ARMGNU~1/133167~1.3RE/bin/../lib/gcc/arm-none-eabi/13.3.1/thumb/v7e-m+fp/hard/crtbegin.o
 .text.__do_global_dtors_aux
                0x08000208       0x28 C:/PROGRA~2/ARMGNU~1/133167~1.3RE/bin/../lib/gcc/arm-none-eabi/13.3.1/thumb/v7e-m+fp/hard/crtbegin.o
 .text.frame_dummy
                0x08000230       0x24 C:/PROGRA~2/ARMGNU~1/133167~1.3RE/bin/../lib/gcc/arm-none-eabi/13.3.1/thumb/v7e-m+fp/hard/crtbegin.o
 .text.memset   0x08000254       0x10 C:/PROGRA~2/ARMGNU~1/133167~1.3RE/bin/../lib/gcc/arm-none-eabi/13.3.1/thumb/v7e-m+fp/hard\libc_nano.a(libc_a-memset.o)
                0x08000254                memset
 .text.__libc_init_array
                0x08000264       0x48 C:/PROGRA~2/ARMGNU~1/133167~1.3RE/bin/../lib/gcc/arm-none-eabi/13.3.1/thumb/v7e-m+fp/hard\libc_nano.a(libc_a-init.o)
                0x08000264                __libc_init_array
 .text.main     0x080002ac       0x1c CMakeFiles/lcd-stm32f4.dir/Src/main.c.obj
                0x080002ac                main
 .text.SystemClock_Config
                0x080002c8       0xd4 CMakeFiles/lcd-stm32f4.dir/Src/main.c.obj
                0x080002c8                SystemClock_Config
 .text.MX_SPI1_Init
                0x0800039c       0x6c CMakeFiles/lcd-stm32f4.dir/Src/main.c.obj
 .text.MX_SPI2_Init
                0x08000408       0x6c CMakeFiles/lcd-stm32f4.dir/Src/main.c.obj
 .text.MX_GPIO_Init
                0x08000474      0x144 CMakeFiles/lcd-stm32f4.dir/Src/main.c.obj
 .text.Error_Handler
                0x080005b8        0xc CMakeFiles/lcd-stm32f4.dir/Src/main.c.obj
                0x080005b8                Error_Handler
 .text.NMI_Handler
                0x080005c4        0x8 CMakeFiles/lcd-stm32f4.dir/Src/stm32f4xx_it.c.obj
                0x080005c4                NMI_Handler
 .text.HardFault_Handler
                0x080005cc        0x8 CMakeFiles/lcd-stm32f4.dir/Src/stm32f4xx_it.c.obj
                0x080005cc                HardFault_Handler
 .text.MemManage_Handler
                0x080005d4        0x8 CMakeFiles/lcd-stm32f4.dir/Src/stm32f4xx_it.c.obj
                0x080005d4                MemManage_Handler
 .text.BusFault_Handler
                0x080005dc        0x8 CMakeFiles/lcd-stm32f4.dir/Src/stm32f4xx_it.c.obj
                0x080005dc                BusFault_Handler
 .text.UsageFault_Handler
                0x080005e4        0x8 CMakeFiles/lcd-stm32f4.dir/Src/stm32f4xx_it.c.obj
                0x080005e4                UsageFault_Handler
 .text.SVC_Handler
                0x080005ec        0xe CMakeFiles/lcd-stm32f4.dir/Src/stm32f4xx_it.c.obj
                0x080005ec                SVC_Handler
 .text.DebugMon_Handler
                0x080005fa        0xe CMakeFiles/lcd-stm32f4.dir/Src/stm32f4xx_it.c.obj
                0x080005fa                DebugMon_Handler
 .text.PendSV_Handler
                0x08000608        0xe CMakeFiles/lcd-stm32f4.dir/Src/stm32f4xx_it.c.obj
                0x08000608                PendSV_Handler
 .text.SysTick_Handler
                0x08000616        0xc CMakeFiles/lcd-stm32f4.dir/Src/stm32f4xx_it.c.obj
                0x08000616                SysTick_Handler
 *fill*         0x08000622        0x2 
 .text.HAL_MspInit
                0x08000624       0x50 CMakeFiles/lcd-stm32f4.dir/Src/stm32f4xx_hal_msp.c.obj
                0x08000624                HAL_MspInit
 .text.HAL_SPI_MspInit
                0x08000674       0xf8 CMakeFiles/lcd-stm32f4.dir/Src/stm32f4xx_hal_msp.c.obj
                0x08000674                HAL_SPI_MspInit
 .text.HAL_SPI_Init
                0x0800076c      0x112 CMakeFiles/lcd-stm32f4.dir/Drivers/STM32F4xx_HAL_Driver/Src/stm32f4xx_hal_spi.c.obj
                0x0800076c                HAL_SPI_Init
 *fill*         0x0800087e        0x2 
 .text.HAL_RCC_OscConfig
                0x08000880      0x4f0 CMakeFiles/lcd-stm32f4.dir/Drivers/STM32F4xx_HAL_Driver/Src/stm32f4xx_hal_rcc.c.obj
                0x08000880                HAL_RCC_OscConfig
 .text.HAL_RCC_ClockConfig
                0x08000d70      0x1cc CMakeFiles/lcd-stm32f4.dir/Drivers/STM32F4xx_HAL_Driver/Src/stm32f4xx_hal_rcc.c.obj
                0x08000d70                HAL_RCC_ClockConfig
 .text.HAL_RCC_GetSysClockFreq
                0x08000f3c      0x18c CMakeFiles/lcd-stm32f4.dir/Drivers/STM32F4xx_HAL_Driver/Src/stm32f4xx_hal_rcc.c.obj
                0x08000f3c                HAL_RCC_GetSysClockFreq
 .text.HAL_GPIO_Init
                0x080010c8      0x308 CMakeFiles/lcd-stm32f4.dir/Drivers/STM32F4xx_HAL_Driver/Src/stm32f4xx_hal_gpio.c.obj
                0x080010c8                HAL_GPIO_Init
 .text.HAL_GPIO_WritePin
                0x080013d0       0x32 CMakeFiles/lcd-stm32f4.dir/Drivers/STM32F4xx_HAL_Driver/Src/stm32f4xx_hal_gpio.c.obj
                0x080013d0                HAL_GPIO_WritePin
 *fill*         0x08001402        0x2 
 .text.__NVIC_SetPriorityGrouping
                0x08001404       0x48 CMakeFiles/lcd-stm32f4.dir/Drivers/STM32F4xx_HAL_Driver/Src/stm32f4xx_hal_cortex.c.obj
 .text.__NVIC_GetPriorityGrouping
                0x0800144c       0x1c CMakeFiles/lcd-stm32f4.dir/Drivers/STM32F4xx_HAL_Driver/Src/stm32f4xx_hal_cortex.c.obj
 .text.__NVIC_SetPriority
                0x08001468       0x54 CMakeFiles/lcd-stm32f4.dir/Drivers/STM32F4xx_HAL_Driver/Src/stm32f4xx_hal_cortex.c.obj
 .text.NVIC_EncodePriority
                0x080014bc       0x66 CMakeFiles/lcd-stm32f4.dir/Drivers/STM32F4xx_HAL_Driver/Src/stm32f4xx_hal_cortex.c.obj
 *fill*         0x08001522        0x2 
 .text.SysTick_Config
                0x08001524       0x44 CMakeFiles/lcd-stm32f4.dir/Drivers/STM32F4xx_HAL_Driver/Src/stm32f4xx_hal_cortex.c.obj
 .text.HAL_NVIC_SetPriorityGrouping
                0x08001568       0x16 CMakeFiles/lcd-stm32f4.dir/Drivers/STM32F4xx_HAL_Driver/Src/stm32f4xx_hal_cortex.c.obj
                0x08001568                HAL_NVIC_SetPriorityGrouping
 .text.HAL_NVIC_SetPriority
                0x0800157e       0x38 CMakeFiles/lcd-stm32f4.dir/Drivers/STM32F4xx_HAL_Driver/Src/stm32f4xx_hal_cortex.c.obj
                0x0800157e                HAL_NVIC_SetPriority
 .text.HAL_SYSTICK_Config
                0x080015b6       0x18 CMakeFiles/lcd-stm32f4.dir/Drivers/STM32F4xx_HAL_Driver/Src/stm32f4xx_hal_cortex.c.obj
                0x080015b6                HAL_SYSTICK_Config
 *fill*         0x080015ce        0x2 
 .text.HAL_Init
                0x080015d0       0x44 CMakeFiles/lcd-stm32f4.dir/Drivers/STM32F4xx_HAL_Driver/Src/stm32f4xx_hal.c.obj
                0x080015d0                HAL_Init
 .text.HAL_InitTick
                0x08001614       0x60 CMakeFiles/lcd-stm32f4.dir/Drivers/STM32F4xx_HAL_Driver/Src/stm32f4xx_hal.c.obj
                0x08001614                HAL_InitTick
 .text.HAL_IncTick
                0x08001674       0x28 CMakeFiles/lcd-stm32f4.dir/Drivers/STM32F4xx_HAL_Driver/Src/stm32f4xx_hal.c.obj
                0x08001674                HAL_IncTick
 .text.HAL_GetTick
                0x0800169c       0x18 CMakeFiles/lcd-stm32f4.dir/Drivers/STM32F4xx_HAL_Driver/Src/stm32f4xx_hal.c.obj
                0x0800169c                HAL_GetTick
 .text.SystemInit
                0x080016b4       0x24 CMakeFiles/lcd-stm32f4.dir/Src/system_stm32f4xx.c.obj
                0x080016b4                SystemInit
 .text.Reset_Handler
                0x080016d8       0x50 CMakeFiles/lcd-stm32f4.dir/startup_stm32f401xc.s.obj
                0x080016d8                Reset_Handler
 .text.Default_Handler
                0x08001728        0x2 CMakeFiles/lcd-stm32f4.dir/startup_stm32f401xc.s.obj
                0x08001728                RTC_Alarm_IRQHandler
                0x08001728                EXTI2_IRQHandler
                0x08001728                SPI4_IRQHandler
                0x08001728                TIM1_CC_IRQHandler
                0x08001728                DMA2_Stream5_IRQHandler
                0x08001728                DMA1_Stream5_IRQHandler
                0x08001728                PVD_IRQHandler
                0x08001728                SDIO_IRQHandler
                0x08001728                TAMP_STAMP_IRQHandler
                0x08001728                EXTI3_IRQHandler
                0x08001728                TIM1_UP_TIM10_IRQHandler
                0x08001728                I2C3_ER_IRQHandler
                0x08001728                EXTI0_IRQHandler
                0x08001728                I2C2_EV_IRQHandler
                0x08001728                DMA1_Stream2_IRQHandler
                0x08001728                FPU_IRQHandler
                0x08001728                DMA2_Stream2_IRQHandler
                0x08001728                SPI1_IRQHandler
                0x08001728                TIM1_BRK_TIM9_IRQHandler
                0x08001728                DMA2_Stream3_IRQHandler
                0x08001728                USART6_IRQHandler
                0x08001728                DMA2_Stream0_IRQHandler
                0x08001728                TIM4_IRQHandler
                0x08001728                I2C1_EV_IRQHandler
                0x08001728                DMA1_Stream6_IRQHandler
                0x08001728                DMA1_Stream1_IRQHandler
                0x08001728                TIM3_IRQHandler
                0x08001728                RCC_IRQHandler
                0x08001728                Default_Handler
                0x08001728                EXTI15_10_IRQHandler
                0x08001728                ADC_IRQHandler
                0x08001728                DMA1_Stream7_IRQHandler
                0x08001728                TIM5_IRQHandler
                0x08001728                DMA2_Stream7_IRQHandler
                0x08001728                I2C3_EV_IRQHandler
                0x08001728                EXTI9_5_IRQHandler
                0x08001728                RTC_WKUP_IRQHandler
                0x08001728                SPI2_IRQHandler
                0x08001728                DMA1_Stream0_IRQHandler
                0x08001728                EXTI4_IRQHandler
                0x08001728                WWDG_IRQHandler
                0x08001728                TIM2_IRQHandler
                0x08001728                OTG_FS_WKUP_IRQHandler
                0x08001728                TIM1_TRG_COM_TIM11_IRQHandler
                0x08001728                EXTI1_IRQHandler
                0x08001728                USART2_IRQHandler
                0x08001728                I2C2_ER_IRQHandler
                0x08001728                DMA2_Stream1_IRQHandler
                0x08001728                FLASH_IRQHandler
                0x08001728                DMA2_Stream4_IRQHandler
                0x08001728                USART1_IRQHandler
                0x08001728                OTG_FS_IRQHandler
                0x08001728                SPI3_IRQHandler
                0x08001728                DMA1_Stream4_IRQHandler
                0x08001728                I2C1_ER_IRQHandler
                0x08001728                DMA2_Stream6_IRQHandler
                0x08001728                DMA1_Stream3_IRQHandler
 *fill*         0x0800172a        0x2 
 .text.__udivmoddi4
                0x0800172c      0x2bc C:/PROGRA~2/ARMGNU~1/133167~1.3RE/bin/../lib/gcc/arm-none-eabi/13.3.1/thumb/v7e-m+fp/hard\libgcc.a(_udivmoddi4.o)
                0x0800172c                __udivmoddi4
 *(.glue_7)
 .glue_7        0x080019e8        0x0 linker stubs
 *(.glue_7t)
 .glue_7t       0x080019e8        0x0 linker stubs
 *(.eh_frame)
 .eh_frame      0x080019e8        0x0 C:/PROGRA~2/ARMGNU~1/133167~1.3RE/bin/../lib/gcc/arm-none-eabi/13.3.1/thumb/v7e-m+fp/hard/crtbegin.o
 *(.init)
 .init          0x080019e8        0x4 C:/PROGRA~2/ARMGNU~1/133167~1.3RE/bin/../lib/gcc/arm-none-eabi/13.3.1/thumb/v7e-m+fp/hard/crti.o
                0x080019e8                _init
 .init          0x080019ec        0x8 C:/PROGRA~2/ARMGNU~1/133167~1.3RE/bin/../lib/gcc/arm-none-eabi/13.3.1/thumb/v7e-m+fp/hard/crtn.o
 *(.fini)
 .fini          0x080019f4        0x4 C:/PROGRA~2/ARMGNU~1/133167~1.3RE/bin/../lib/gcc/arm-none-eabi/13.3.1/thumb/v7e-m+fp/hard/crti.o
                0x080019f4                _fini
 .fini          0x080019f8        0x8 C:/PROGRA~2/ARMGNU~1/133167~1.3RE/bin/../lib/gcc/arm-none-eabi/13.3.1/thumb/v7e-m+fp/hard/crtn.o
                0x08001a00                        . = ALIGN (0x4)
                0x08001a00                        _etext = .

.vfp11_veneer   0x08001a00        0x0
 .vfp11_veneer  0x08001a00        0x0 linker stubs

.v4_bx          0x08001a00        0x0
 .v4_bx         0x08001a00        0x0 linker stubs

.iplt           0x08001a00        0x0
 .iplt          0x08001a00        0x0 C:/PROGRA~2/ARMGNU~1/133167~1.3RE/bin/../lib/gcc/arm-none-eabi/13.3.1/thumb/v7e-m+fp/hard/crtbegin.o

.rodata         0x08001a00       0x10
                0x08001a00                        . = ALIGN (0x4)
 *(.rodata)
 *(.rodata*)
 .rodata.AHBPrescTable
                0x08001a00       0x10 CMakeFiles/lcd-stm32f4.dir/Src/system_stm32f4xx.c.obj
                0x08001a00                AHBPrescTable
                0x08001a10                        . = ALIGN (0x4)

.ARM.extab
 *(.ARM.extab* .gnu.linkonce.armextab.*)

.ARM            0x08001a10        0x8
                0x08001a10                        __exidx_start = .
 *(.ARM.exidx*)
 .ARM.exidx.text.__udivmoddi4
                0x08001a10        0x8 C:/PROGRA~2/ARMGNU~1/133167~1.3RE/bin/../lib/gcc/arm-none-eabi/13.3.1/thumb/v7e-m+fp/hard\libgcc.a(_udivmoddi4.o)
                0x08001a18                        __exidx_end = .

.rel.dyn        0x08001a18        0x0
 .rel.iplt      0x08001a18        0x0 C:/PROGRA~2/ARMGNU~1/133167~1.3RE/bin/../lib/gcc/arm-none-eabi/13.3.1/thumb/v7e-m+fp/hard/crtbegin.o

.preinit_array  0x08001a18        0x0
                0x08001a18                        PROVIDE (__preinit_array_start = .)
 *(.preinit_array*)
                0x08001a18                        PROVIDE (__preinit_array_end = .)

.init_array     0x08001a18        0x4
                0x08001a18                        PROVIDE (__init_array_start = .)
 *(SORT_BY_NAME(.init_array.*))
 *(.init_array*)
 .init_array    0x08001a18        0x4 C:/PROGRA~2/ARMGNU~1/133167~1.3RE/bin/../lib/gcc/arm-none-eabi/13.3.1/thumb/v7e-m+fp/hard/crtbegin.o
                0x08001a1c                        PROVIDE (__init_array_end = .)

.fini_array     0x08001a1c        0x4
                [!provide]                        PROVIDE (__fini_array_start = .)
 *(SORT_BY_NAME(.fini_array.*))
 *(.fini_array*)
 .fini_array    0x08001a1c        0x4 C:/PROGRA~2/ARMGNU~1/133167~1.3RE/bin/../lib/gcc/arm-none-eabi/13.3.1/thumb/v7e-m+fp/hard/crtbegin.o
                [!provide]                        PROVIDE (__fini_array_end = .)
                0x08001a20                        _sidata = LOADADDR (.data)

.data           0x20000000        0xc load address 0x08001a20
                0x20000000                        . = ALIGN (0x4)
                0x20000000                        _sdata = .
 *(.data)
 *(.data*)
 .data.uwTickPrio
                0x20000000        0x4 CMakeFiles/lcd-stm32f4.dir/Drivers/STM32F4xx_HAL_Driver/Src/stm32f4xx_hal.c.obj
                0x20000000                uwTickPrio
 .data.uwTickFreq
                0x20000004        0x1 CMakeFiles/lcd-stm32f4.dir/Drivers/STM32F4xx_HAL_Driver/Src/stm32f4xx_hal.c.obj
                0x20000004                uwTickFreq
 *fill*         0x20000005        0x3 
 .data.SystemCoreClock
                0x20000008        0x4 CMakeFiles/lcd-stm32f4.dir/Src/system_stm32f4xx.c.obj
                0x20000008                SystemCoreClock
                0x2000000c                        . = ALIGN (0x4)
                0x2000000c                        _edata = .

.tm_clone_table
                0x2000000c        0x0 load address 0x08001a2c
 .tm_clone_table
                0x2000000c        0x0 C:/PROGRA~2/ARMGNU~1/133167~1.3RE/bin/../lib/gcc/arm-none-eabi/13.3.1/thumb/v7e-m+fp/hard/crtbegin.o
 .tm_clone_table
                0x2000000c        0x0 C:/PROGRA~2/ARMGNU~1/133167~1.3RE/bin/../lib/gcc/arm-none-eabi/13.3.1/thumb/v7e-m+fp/hard/crtend.o

.igot.plt       0x2000000c        0x0 load address 0x08001a2c
 .igot.plt      0x2000000c        0x0 C:/PROGRA~2/ARMGNU~1/133167~1.3RE/bin/../lib/gcc/arm-none-eabi/13.3.1/thumb/v7e-m+fp/hard/crtbegin.o
                0x2000000c                        . = ALIGN (0x4)

.bss            0x2000000c       0xd0 load address 0x08001a2c
                0x2000000c                        _sbss = .
                0x2000000c                        __bss_start__ = _sbss
 *(.bss)
 *(.bss*)
 .bss.completed.1
                0x2000000c        0x1 C:/PROGRA~2/ARMGNU~1/133167~1.3RE/bin/../lib/gcc/arm-none-eabi/13.3.1/thumb/v7e-m+fp/hard/crtbegin.o
 *fill*         0x2000000d        0x3 
 .bss.object.0  0x20000010       0x18 C:/PROGRA~2/ARMGNU~1/133167~1.3RE/bin/../lib/gcc/arm-none-eabi/13.3.1/thumb/v7e-m+fp/hard/crtbegin.o
 .bss.hspi1     0x20000028       0x58 CMakeFiles/lcd-stm32f4.dir/Src/main.c.obj
                0x20000028                hspi1
 .bss.hspi2     0x20000080       0x58 CMakeFiles/lcd-stm32f4.dir/Src/main.c.obj
                0x20000080                hspi2
 .bss.uwTick    0x200000d8        0x4 CMakeFiles/lcd-stm32f4.dir/Drivers/STM32F4xx_HAL_Driver/Src/stm32f4xx_hal.c.obj
                0x200000d8                uwTick
 *(COMMON)
                0x200000dc                        . = ALIGN (0x4)
                0x200000dc                        _ebss = .
                0x200000dc                        __bss_end__ = _ebss

._user_heap_stack
                0x200000dc      0x604 load address 0x08001a2c
                0x200000e0                        . = ALIGN (0x8)
 *fill*         0x200000dc        0x4 
                [!provide]                        PROVIDE (end = .)
                0x200000e0                        PROVIDE (_end = .)
                0x200002e0                        . = (. + _Min_Heap_Size)
 *fill*         0x200000e0      0x200 
                0x200006e0                        . = (. + _Min_Stack_Size)
 *fill*         0x200002e0      0x400 
                0x200006e0                        . = ALIGN (0x8)

/DISCARD/
 libc.a(*)
 libm.a(*)
 libgcc.a(*)
OUTPUT(lcd-stm32f4.elf elf32-littlearm)
LOAD linker stubs
LOAD C:/PROGRA~2/ARMGNU~1/133167~1.3RE/bin/../lib/gcc/arm-none-eabi/13.3.1/thumb/v7e-m+fp/hard\libc.a
LOAD C:/PROGRA~2/ARMGNU~1/133167~1.3RE/bin/../lib/gcc/arm-none-eabi/13.3.1/thumb/v7e-m+fp/hard\libm.a
LOAD C:/PROGRA~2/ARMGNU~1/133167~1.3RE/bin/../lib/gcc/arm-none-eabi/13.3.1/thumb/v7e-m+fp/hard\libgcc.a

.ARM.attributes
                0x00000000       0x30
 .ARM.attributes
                0x00000000       0x22 C:/PROGRA~2/ARMGNU~1/133167~1.3RE/bin/../lib/gcc/arm-none-eabi/13.3.1/thumb/v7e-m+fp/hard/crti.o
 .ARM.attributes
                0x00000022       0x34 C:/PROGRA~2/ARMGNU~1/133167~1.3RE/bin/../lib/gcc/arm-none-eabi/13.3.1/thumb/v7e-m+fp/hard/crtbegin.o
 .ARM.attributes
                0x00000056       0x34 C:/PROGRA~2/ARMGNU~1/133167~1.3RE/bin/../lib/gcc/arm-none-eabi/13.3.1/thumb/v7e-m+fp/hard\libc_nano.a(libc_a-memset.o)
 .ARM.attributes
                0x0000008a       0x34 C:/PROGRA~2/ARMGNU~1/133167~1.3RE/bin/../lib/gcc/arm-none-eabi/13.3.1/thumb/v7e-m+fp/hard\libc_nano.a(libc_a-init.o)
 .ARM.attributes
                0x000000be       0x34 CMakeFiles/lcd-stm32f4.dir/Src/main.c.obj
 .ARM.attributes
                0x000000f2       0x34 CMakeFiles/lcd-stm32f4.dir/Src/stm32f4xx_it.c.obj
 .ARM.attributes
                0x00000126       0x34 CMakeFiles/lcd-stm32f4.dir/Src/stm32f4xx_hal_msp.c.obj
 .ARM.attributes
                0x0000015a       0x34 CMakeFiles/lcd-stm32f4.dir/Drivers/STM32F4xx_HAL_Driver/Src/stm32f4xx_hal_spi.c.obj
 .ARM.attributes
                0x0000018e       0x34 CMakeFiles/lcd-stm32f4.dir/Drivers/STM32F4xx_HAL_Driver/Src/stm32f4xx_hal_rcc.c.obj
 .ARM.attributes
                0x000001c2       0x34 CMakeFiles/lcd-stm32f4.dir/Drivers/STM32F4xx_HAL_Driver/Src/stm32f4xx_hal_gpio.c.obj
 .ARM.attributes
                0x000001f6       0x34 CMakeFiles/lcd-stm32f4.dir/Drivers/STM32F4xx_HAL_Driver/Src/stm32f4xx_hal_cortex.c.obj
 .ARM.attributes
                0x0000022a       0x34 CMakeFiles/lcd-stm32f4.dir/Drivers/STM32F4xx_HAL_Driver/Src/stm32f4xx_hal.c.obj
 .ARM.attributes
                0x0000025e       0x34 CMakeFiles/lcd-stm32f4.dir/Src/system_stm32f4xx.c.obj
 .ARM.attributes
                0x00000292       0x21 CMakeFiles/lcd-stm32f4.dir/startup_stm32f401xc.s.obj
 .ARM.attributes
                0x000002b3       0x22 C:/PROGRA~2/ARMGNU~1/133167~1.3RE/bin/../lib/gcc/arm-none-eabi/13.3.1/thumb/v7e-m+fp/hard\libgcc.a(_aeabi_uldivmod.o)
 .ARM.attributes
                0x000002d5       0x34 C:/PROGRA~2/ARMGNU~1/133167~1.3RE/bin/../lib/gcc/arm-none-eabi/13.3.1/thumb/v7e-m+fp/hard\libgcc.a(_udivmoddi4.o)
 .ARM.attributes
                0x00000309       0x22 C:/PROGRA~2/ARMGNU~1/133167~1.3RE/bin/../lib/gcc/arm-none-eabi/13.3.1/thumb/v7e-m+fp/hard\libgcc.a(_dvmd_tls.o)
 .ARM.attributes
                0x0000032b       0x34 C:/PROGRA~2/ARMGNU~1/133167~1.3RE/bin/../lib/gcc/arm-none-eabi/13.3.1/thumb/v7e-m+fp/hard/crtend.o
 .ARM.attributes
                0x0000035f       0x22 C:/PROGRA~2/ARMGNU~1/133167~1.3RE/bin/../lib/gcc/arm-none-eabi/13.3.1/thumb/v7e-m+fp/hard/crtn.o

.comment        0x00000000       0x45
 .comment       0x00000000       0x45 CMakeFiles/lcd-stm32f4.dir/Src/main.c.obj
                                 0x46 (size before relaxing)
 .comment       0x00000045       0x46 CMakeFiles/lcd-stm32f4.dir/Src/stm32f4xx_it.c.obj
 .comment       0x00000045       0x46 CMakeFiles/lcd-stm32f4.dir/Src/stm32f4xx_hal_msp.c.obj
 .comment       0x00000045       0x46 CMakeFiles/lcd-stm32f4.dir/Drivers/STM32F4xx_HAL_Driver/Src/stm32f4xx_hal_spi.c.obj
 .comment       0x00000045       0x46 CMakeFiles/lcd-stm32f4.dir/Drivers/STM32F4xx_HAL_Driver/Src/stm32f4xx_hal_rcc.c.obj
 .comment       0x00000045       0x46 CMakeFiles/lcd-stm32f4.dir/Drivers/STM32F4xx_HAL_Driver/Src/stm32f4xx_hal_gpio.c.obj
 .comment       0x00000045       0x46 CMakeFiles/lcd-stm32f4.dir/Drivers/STM32F4xx_HAL_Driver/Src/stm32f4xx_hal_cortex.c.obj
 .comment       0x00000045       0x46 CMakeFiles/lcd-stm32f4.dir/Drivers/STM32F4xx_HAL_Driver/Src/stm32f4xx_hal.c.obj
 .comment       0x00000045       0x46 CMakeFiles/lcd-stm32f4.dir/Src/system_stm32f4xx.c.obj

.debug_frame    0x00000000     0x1730
 .debug_frame   0x00000000       0x20 C:/PROGRA~2/ARMGNU~1/133167~1.3RE/bin/../lib/gcc/arm-none-eabi/13.3.1/thumb/v7e-m+fp/hard\libc_nano.a(libc_a-memset.o)
 .debug_frame   0x00000020       0x2c C:/PROGRA~2/ARMGNU~1/133167~1.3RE/bin/../lib/gcc/arm-none-eabi/13.3.1/thumb/v7e-m+fp/hard\libc_nano.a(libc_a-init.o)
 .debug_frame   0x0000004c       0xc4 CMakeFiles/lcd-stm32f4.dir/Src/main.c.obj
 .debug_frame   0x00000110      0x104 CMakeFiles/lcd-stm32f4.dir/Src/stm32f4xx_it.c.obj
 .debug_frame   0x00000214       0x80 CMakeFiles/lcd-stm32f4.dir/Src/stm32f4xx_hal_msp.c.obj
 .debug_frame   0x00000294      0x828 CMakeFiles/lcd-stm32f4.dir/Drivers/STM32F4xx_HAL_Driver/Src/stm32f4xx_hal_spi.c.obj
 .debug_frame   0x00000abc      0x1f4 CMakeFiles/lcd-stm32f4.dir/Drivers/STM32F4xx_HAL_Driver/Src/stm32f4xx_hal_rcc.c.obj
 .debug_frame   0x00000cb0      0x14c CMakeFiles/lcd-stm32f4.dir/Drivers/STM32F4xx_HAL_Driver/Src/stm32f4xx_hal_gpio.c.obj
 .debug_frame   0x00000dfc      0x508 CMakeFiles/lcd-stm32f4.dir/Drivers/STM32F4xx_HAL_Driver/Src/stm32f4xx_hal_cortex.c.obj
 .debug_frame   0x00001304      0x374 CMakeFiles/lcd-stm32f4.dir/Drivers/STM32F4xx_HAL_Driver/Src/stm32f4xx_hal.c.obj
 .debug_frame   0x00001678       0x58 CMakeFiles/lcd-stm32f4.dir/Src/system_stm32f4xx.c.obj
 .debug_frame   0x000016d0       0x2c C:/PROGRA~2/ARMGNU~1/133167~1.3RE/bin/../lib/gcc/arm-none-eabi/13.3.1/thumb/v7e-m+fp/hard\libgcc.a(_aeabi_uldivmod.o)
 .debug_frame   0x000016fc       0x34 C:/PROGRA~2/ARMGNU~1/133167~1.3RE/bin/../lib/gcc/arm-none-eabi/13.3.1/thumb/v7e-m+fp/hard\libgcc.a(_udivmoddi4.o)

.debug_info     0x00000000     0x56fa
 .debug_info    0x00000000      0xc17 CMakeFiles/lcd-stm32f4.dir/Src/main.c.obj
 .debug_info    0x00000c17      0x112 CMakeFiles/lcd-stm32f4.dir/Src/stm32f4xx_it.c.obj
 .debug_info    0x00000d29      0x984 CMakeFiles/lcd-stm32f4.dir/Src/stm32f4xx_hal_msp.c.obj
 .debug_info    0x000016ad     0x1530 CMakeFiles/lcd-stm32f4.dir/Drivers/STM32F4xx_HAL_Driver/Src/stm32f4xx_hal_spi.c.obj
 .debug_info    0x00002bdd      0x905 CMakeFiles/lcd-stm32f4.dir/Drivers/STM32F4xx_HAL_Driver/Src/stm32f4xx_hal_rcc.c.obj
 .debug_info    0x000034e2      0x6f9 CMakeFiles/lcd-stm32f4.dir/Drivers/STM32F4xx_HAL_Driver/Src/stm32f4xx_hal_gpio.c.obj
 .debug_info    0x00003bdb      0xcf6 CMakeFiles/lcd-stm32f4.dir/Drivers/STM32F4xx_HAL_Driver/Src/stm32f4xx_hal_cortex.c.obj
 .debug_info    0x000048d1      0x8bb CMakeFiles/lcd-stm32f4.dir/Drivers/STM32F4xx_HAL_Driver/Src/stm32f4xx_hal.c.obj
 .debug_info    0x0000518c      0x53e CMakeFiles/lcd-stm32f4.dir/Src/system_stm32f4xx.c.obj
 .debug_info    0x000056ca       0x30 CMakeFiles/lcd-stm32f4.dir/startup_stm32f401xc.s.obj

.debug_abbrev   0x00000000     0x120e
 .debug_abbrev  0x00000000      0x24a CMakeFiles/lcd-stm32f4.dir/Src/main.c.obj
 .debug_abbrev  0x0000024a       0x73 CMakeFiles/lcd-stm32f4.dir/Src/stm32f4xx_it.c.obj
 .debug_abbrev  0x000002bd      0x1ac CMakeFiles/lcd-stm32f4.dir/Src/stm32f4xx_hal_msp.c.obj
 .debug_abbrev  0x00000469      0x276 CMakeFiles/lcd-stm32f4.dir/Drivers/STM32F4xx_HAL_Driver/Src/stm32f4xx_hal_spi.c.obj
 .debug_abbrev  0x000006df      0x2b6 CMakeFiles/lcd-stm32f4.dir/Drivers/STM32F4xx_HAL_Driver/Src/stm32f4xx_hal_rcc.c.obj
 .debug_abbrev  0x00000995      0x1d3 CMakeFiles/lcd-stm32f4.dir/Drivers/STM32F4xx_HAL_Driver/Src/stm32f4xx_hal_gpio.c.obj
 .debug_abbrev  0x00000b68      0x31d CMakeFiles/lcd-stm32f4.dir/Drivers/STM32F4xx_HAL_Driver/Src/stm32f4xx_hal_cortex.c.obj
 .debug_abbrev  0x00000e85      0x24b CMakeFiles/lcd-stm32f4.dir/Drivers/STM32F4xx_HAL_Driver/Src/stm32f4xx_hal.c.obj
 .debug_abbrev  0x000010d0      0x11a CMakeFiles/lcd-stm32f4.dir/Src/system_stm32f4xx.c.obj
 .debug_abbrev  0x000011ea       0x24 CMakeFiles/lcd-stm32f4.dir/startup_stm32f401xc.s.obj

.debug_aranges  0x00000000      0x5f8
 .debug_aranges
                0x00000000       0x48 CMakeFiles/lcd-stm32f4.dir/Src/main.c.obj
 .debug_aranges
                0x00000048       0x60 CMakeFiles/lcd-stm32f4.dir/Src/stm32f4xx_it.c.obj
 .debug_aranges
                0x000000a8       0x30 CMakeFiles/lcd-stm32f4.dir/Src/stm32f4xx_hal_msp.c.obj
 .debug_aranges
                0x000000d8      0x1d0 CMakeFiles/lcd-stm32f4.dir/Drivers/STM32F4xx_HAL_Driver/Src/stm32f4xx_hal_spi.c.obj
 .debug_aranges
                0x000002a8       0x88 CMakeFiles/lcd-stm32f4.dir/Drivers/STM32F4xx_HAL_Driver/Src/stm32f4xx_hal_rcc.c.obj
 .debug_aranges
                0x00000330       0x58 CMakeFiles/lcd-stm32f4.dir/Drivers/STM32F4xx_HAL_Driver/Src/stm32f4xx_hal_gpio.c.obj
 .debug_aranges
                0x00000388      0x130 CMakeFiles/lcd-stm32f4.dir/Drivers/STM32F4xx_HAL_Driver/Src/stm32f4xx_hal_cortex.c.obj
 .debug_aranges
                0x000004b8       0xf0 CMakeFiles/lcd-stm32f4.dir/Drivers/STM32F4xx_HAL_Driver/Src/stm32f4xx_hal.c.obj
 .debug_aranges
                0x000005a8       0x28 CMakeFiles/lcd-stm32f4.dir/Src/system_stm32f4xx.c.obj
 .debug_aranges
                0x000005d0       0x28 CMakeFiles/lcd-stm32f4.dir/startup_stm32f401xc.s.obj

.debug_rnglists
                0x00000000      0x46c
 .debug_rnglists
                0x00000000       0x33 CMakeFiles/lcd-stm32f4.dir/Src/main.c.obj
 .debug_rnglists
                0x00000033       0x43 CMakeFiles/lcd-stm32f4.dir/Src/stm32f4xx_it.c.obj
 .debug_rnglists
                0x00000076       0x20 CMakeFiles/lcd-stm32f4.dir/Src/stm32f4xx_hal_msp.c.obj
 .debug_rnglists
                0x00000096      0x16f CMakeFiles/lcd-stm32f4.dir/Drivers/STM32F4xx_HAL_Driver/Src/stm32f4xx_hal_spi.c.obj
 .debug_rnglists
                0x00000205       0x66 CMakeFiles/lcd-stm32f4.dir/Drivers/STM32F4xx_HAL_Driver/Src/stm32f4xx_hal_rcc.c.obj
 .debug_rnglists
                0x0000026b       0x3f CMakeFiles/lcd-stm32f4.dir/Drivers/STM32F4xx_HAL_Driver/Src/stm32f4xx_hal_gpio.c.obj
 .debug_rnglists
                0x000002aa       0xe0 CMakeFiles/lcd-stm32f4.dir/Drivers/STM32F4xx_HAL_Driver/Src/stm32f4xx_hal_cortex.c.obj
 .debug_rnglists
                0x0000038a       0xaf CMakeFiles/lcd-stm32f4.dir/Drivers/STM32F4xx_HAL_Driver/Src/stm32f4xx_hal.c.obj
 .debug_rnglists
                0x00000439       0x1a CMakeFiles/lcd-stm32f4.dir/Src/system_stm32f4xx.c.obj
 .debug_rnglists
                0x00000453       0x19 CMakeFiles/lcd-stm32f4.dir/startup_stm32f401xc.s.obj

.debug_macro    0x00000000     0x1325
 .debug_macro   0x00000000      0x1c9 CMakeFiles/lcd-stm32f4.dir/Src/main.c.obj
 .debug_macro   0x000001c9       0x8e CMakeFiles/lcd-stm32f4.dir/Src/main.c.obj
 .debug_macro   0x00000257       0x51 CMakeFiles/lcd-stm32f4.dir/Src/main.c.obj
 .debug_macro   0x000002a8      0x190 CMakeFiles/lcd-stm32f4.dir/Src/main.c.obj
 .debug_macro   0x00000438       0x5c CMakeFiles/lcd-stm32f4.dir/Src/main.c.obj
 .debug_macro   0x00000494      0x1d3 CMakeFiles/lcd-stm32f4.dir/Src/stm32f4xx_it.c.obj
 .debug_macro   0x00000667      0x1c9 CMakeFiles/lcd-stm32f4.dir/Src/stm32f4xx_hal_msp.c.obj
 .debug_macro   0x00000830      0x1c9 CMakeFiles/lcd-stm32f4.dir/Drivers/STM32F4xx_HAL_Driver/Src/stm32f4xx_hal_spi.c.obj
 .debug_macro   0x000009f9      0x1de CMakeFiles/lcd-stm32f4.dir/Drivers/STM32F4xx_HAL_Driver/Src/stm32f4xx_hal_rcc.c.obj
 .debug_macro   0x00000bd7      0x1c0 CMakeFiles/lcd-stm32f4.dir/Drivers/STM32F4xx_HAL_Driver/Src/stm32f4xx_hal_gpio.c.obj
 .debug_macro   0x00000d97      0x1ba CMakeFiles/lcd-stm32f4.dir/Drivers/STM32F4xx_HAL_Driver/Src/stm32f4xx_hal_cortex.c.obj
 .debug_macro   0x00000f51      0x21a CMakeFiles/lcd-stm32f4.dir/Drivers/STM32F4xx_HAL_Driver/Src/stm32f4xx_hal.c.obj
 .debug_macro   0x0000116b      0x1ba CMakeFiles/lcd-stm32f4.dir/Src/system_stm32f4xx.c.obj

.debug_line     0x00000000     0x5fdf
 .debug_line    0x00000000      0x702 CMakeFiles/lcd-stm32f4.dir/Src/main.c.obj
 .debug_line    0x00000702      0x65a CMakeFiles/lcd-stm32f4.dir/Src/stm32f4xx_it.c.obj
 .debug_line    0x00000d5c      0x62a CMakeFiles/lcd-stm32f4.dir/Src/stm32f4xx_hal_msp.c.obj
 .debug_line    0x00001386     0x1b3d CMakeFiles/lcd-stm32f4.dir/Drivers/STM32F4xx_HAL_Driver/Src/stm32f4xx_hal_spi.c.obj
 .debug_line    0x00002ec3      0xcaf CMakeFiles/lcd-stm32f4.dir/Drivers/STM32F4xx_HAL_Driver/Src/stm32f4xx_hal_rcc.c.obj
 .debug_line    0x00003b72      0x9be CMakeFiles/lcd-stm32f4.dir/Drivers/STM32F4xx_HAL_Driver/Src/stm32f4xx_hal_gpio.c.obj
 .debug_line    0x00004530      0xb72 CMakeFiles/lcd-stm32f4.dir/Drivers/STM32F4xx_HAL_Driver/Src/stm32f4xx_hal_cortex.c.obj
 .debug_line    0x000050a2      0x8a2 CMakeFiles/lcd-stm32f4.dir/Drivers/STM32F4xx_HAL_Driver/Src/stm32f4xx_hal.c.obj
 .debug_line    0x00005944      0x621 CMakeFiles/lcd-stm32f4.dir/Src/system_stm32f4xx.c.obj
 .debug_line    0x00005f65       0x7a CMakeFiles/lcd-stm32f4.dir/startup_stm32f401xc.s.obj

.debug_str      0x00000000    0x80bc1
 .debug_str     0x00000000    0x80bc1 CMakeFiles/lcd-stm32f4.dir/Src/main.c.obj
                              0x7f4bb (size before relaxing)
 .debug_str     0x00080bc1    0x7ed53 CMakeFiles/lcd-stm32f4.dir/Src/stm32f4xx_it.c.obj
 .debug_str     0x00080bc1    0x7f2da CMakeFiles/lcd-stm32f4.dir/Src/stm32f4xx_hal_msp.c.obj
 .debug_str     0x00080bc1    0x7f4d1 CMakeFiles/lcd-stm32f4.dir/Drivers/STM32F4xx_HAL_Driver/Src/stm32f4xx_hal_spi.c.obj
 .debug_str     0x00080bc1    0x7f059 CMakeFiles/lcd-stm32f4.dir/Drivers/STM32F4xx_HAL_Driver/Src/stm32f4xx_hal_rcc.c.obj
 .debug_str     0x00080bc1    0x7eda0 CMakeFiles/lcd-stm32f4.dir/Drivers/STM32F4xx_HAL_Driver/Src/stm32f4xx_hal_gpio.c.obj
 .debug_str     0x00080bc1    0x7f3b1 CMakeFiles/lcd-stm32f4.dir/Drivers/STM32F4xx_HAL_Driver/Src/stm32f4xx_hal_cortex.c.obj
 .debug_str     0x00080bc1    0x7f647 CMakeFiles/lcd-stm32f4.dir/Drivers/STM32F4xx_HAL_Driver/Src/stm32f4xx_hal.c.obj
 .debug_str     0x00080bc1    0x7ec20 CMakeFiles/lcd-stm32f4.dir/Src/system_stm32f4xx.c.obj
 .debug_str     0x00080bc1       0x98 CMakeFiles/lcd-stm32f4.dir/startup_stm32f401xc.s.obj

.debug_line_str
                0x00000000      0x151
 .debug_line_str
                0x00000000      0x151 CMakeFiles/lcd-stm32f4.dir/startup_stm32f401xc.s.obj
                                 0x7c (size before relaxing)
 .debug_line_str
                0x00000151       0xc9 C:/PROGRA~2/ARMGNU~1/133167~1.3RE/bin/../lib/gcc/arm-none-eabi/13.3.1/thumb/v7e-m+fp/hard\libgcc.a(_aeabi_uldivmod.o)
 .debug_line_str
                0x00000151       0xcd C:/PROGRA~2/ARMGNU~1/133167~1.3RE/bin/../lib/gcc/arm-none-eabi/13.3.1/thumb/v7e-m+fp/hard\libgcc.a(_dvmd_tls.o)
